                                 Started job on |	Sep 19 22:41:56
                             Started mapping on |	Sep 19 22:42:06
                                    Finished on |	Sep 19 22:42:26
       Mapping speed, Million of reads per hour |	36.00
                                 Number of GPUs |	1
                   Throughput, bases/GPU/minute |	181200000.00

                          Number of input reads |	200000
                      Average input read length |	302
                                    UNIQUE READS:
                   Uniquely mapped reads number |	169064
                        Uniquely mapped reads % |	84.53%
                          Average mapped length |	295.62
                       Number of splices: Total |	181125
            Number of splices: Annotated (sjdb) |	179589
                       Number of splices: GT/AG |	179270
                       Number of splices: GC/AG |	1467
                       Number of splices: AT/AC |	132
               Number of splices: Non-canonical |	256
                      Mismatch rate per base, % |	0.17%
                         Deletion rate per base |	0.02%
                        Deletion average length |	3.26
                        Insertion rate per base |	0.01%
                       Insertion average length |	1.63
                             MULTI-MAPPING READS:
        Number of reads mapped to multiple loci |	4932
             % of reads mapped to multiple loci |	2.47%
        Number of reads mapped to too many loci |	269
             % of reads mapped to too many loci |	0.13%
                                  UNMAPPED READS:
  Number of reads unmapped: too many mismatches |	0
       % of reads unmapped: too many mismatches |	0.00%
            Number of reads unmapped: too short |	25644
                 % of reads unmapped: too short |	12.82%
                Number of reads unmapped: other |	91
                     % of reads unmapped: other |	0.05%
                                  CHIMERIC READS:
                       Number of chimeric reads |	2849
                            % of chimeric reads |	1.42%
