Please visit https://docs.nvidia.com/clara/#parabricks for detailed documentation



[Parabricks Options Mesg]: Adjusting STAR streams due to CPU memory constraints (112GB available)
[Parabricks Options Mesg]: STAR auto-configuration: 1 GPUs, 2 streams/GPU, 4 threads/stream
[Parabricks Options Mesg]:   GPU memory: 81920MiB, CPU memory: 112GB
[Parabricks Options Mesg]: Automatically generating ID prefix
[Parabricks Options Mesg]: Read group created for /workdir/inputs/SRR37513722_1.fastq.gz and
/workdir/inputs/SRR37513722_2.fastq.gz
[Parabricks Options Mesg]: @RG\tID:SRR37513722.1.1\tLB:GSM9569462\tPL:ILLUMINA\tSM:SRR37513722\tPU:SRR37513722.1.1
[PB Info 2026-Sep-19 22:41:56] ------------------------------------------------------------------------------
[PB Info 2026-Sep-19 22:41:56] ||                 Parabricks accelerated Genomics Pipeline                 ||
[PB Info 2026-Sep-19 22:41:56] ||                              Version 4.7.1-1                             ||
[PB Info 2026-Sep-19 22:41:56] ||                                   star                                   ||
[PB Info 2026-Sep-19 22:41:56] ------------------------------------------------------------------------------
[PB Info 2026-Sep-19 22:41:56]  ..... started STAR run
[PB Info 2026-Sep-19 22:41:56]  ..... loading genome
[PB Info 2026-Sep-19 22:42:06] read from genomeDir done 10.501
[PB Info 2026-Sep-19 22:42:06] GPUs: 1, Streams per GPU: 2, CPUs per stream: 4, enabled GPU helper threads: 0
[PB Info 2026-Sep-19 22:42:06]  ..... started mapping
[PB Info 2026-Sep-19 22:42:10] gpu input free memory : 80078MB, total 81037MB
[PB Info 2026-Sep-19 22:42:10] cudaSuccess
[PB Info 2026-Sep-19 22:42:14] ReadingReads:34000	WritingReads:0	CumulativeBases:0	current bases/GPU/minute: 0.0
[PB Info 2026-Sep-19 22:42:14] gpu step0 free memory : 75054MB, total 81037MB
[PB Info 2026-Sep-19 22:42:14] cudaSuccess
[PB Info 2026-Sep-19 22:42:14] gpu global free memory: 69854MB, total 81037MB
[PB Info 2026-Sep-19 22:42:14] cudaSuccess
[PB Info 2026-Sep-19 22:42:14] gpu input free memory : 74542MB, total 81037MB
[PB Info 2026-Sep-19 22:42:14] cudaSuccess
[PB Info 2026-Sep-19 22:42:15] gpu step0 free memory : 64804MB, total 81037MB
[PB Info 2026-Sep-19 22:42:15] cudaSuccess
[PB Info 2026-Sep-19 22:42:15] gpu global free memory: 60116MB, total 81037MB
[PB Info 2026-Sep-19 22:42:15] cudaSuccess
[PB Info 2026-Sep-19 22:42:15] cudaSuccess
[PB Info 2026-Sep-19 22:42:15] cudaSuccess
[PB Info 2026-Sep-19 22:42:20] ReadingReads:167200	WritingReads:107600	CumulativeBases:32495200	current bases/GPU/minute: 324952000.0
[PB Info 2026-Sep-19 22:42:20] reader done
[PB Info 2026-Sep-19 22:42:22] GPU 0 Stream 1: GPU done
[PB Info 2026-Sep-19 22:42:22] GPU 0 Stream 1: GPU done
[PB Info 2026-Sep-19 22:42:22] GPU 0 Stream 0: GPU done
[PB Info 2026-Sep-19 22:42:22] GPU 0 Stream 0: GPU done
[PB Info 2026-Sep-19 22:42:22] CPU Helper worked chunks: 0
[PB Info 2026-Sep-19 22:42:22] CPU Helper worked chunks: 0
[PB Info 2026-Sep-19 22:42:23] GPU 0 clearAllQueue done
[PB Info 2026-Sep-19 22:42:23] GPU 0 clearAllQueue done
[PB Info 2026-Sep-19 22:42:23] all workers joined
[PB Info 2026-Sep-19 22:42:23] reader done
[PB Info 2026-Sep-19 22:42:23]  ..... finished mapping
[PB Info 2026-Sep-19 22:42:23] All processing done, time 16.360
[PB Info 2026-Sep-19 22:42:26] Rate stats (based on sampling every 6 seconds):
	min rate: 0.0 bases/GPU/minute
	max rate: 324952000.0 bases/GPU/minute
	avg rate: 162476000.0 bases/GPU/minute
[PB Info 2026-Sep-19 22:42:26]  ..... finished successfully
[PB Info 2026-Sep-19 22:42:26] Memory free
[PB Info 2026-Sep-19 22:42:26] ------------------------------------------------------------------------------
[PB Info 2026-Sep-19 22:42:26] ||        Program:                                              star        ||
[PB Info 2026-Sep-19 22:42:26] ||        Version:                                           4.7.1-1        ||
[PB Info 2026-Sep-19 22:42:26] ||        Start Time:                       Sat Sep 19 22:41:56 2026        ||
[PB Info 2026-Sep-19 22:42:26] ||        End Time:                         Sat Sep 19 22:42:26 2026        ||
[PB Info 2026-Sep-19 22:42:26] ||        Total Time:                                     30 seconds        ||
[PB Info 2026-Sep-19 22:42:26] ------------------------------------------------------------------------------
[PB Info 2026-Sep-19 22:42:27] ------------------------------------------------------------------------------
[PB Info 2026-Sep-19 22:42:27] ||                 Parabricks accelerated Genomics Pipeline                 ||
[PB Info 2026-Sep-19 22:42:27] ||                              Version 4.7.1-1                             ||
[PB Info 2026-Sep-19 22:42:27] ||                             Sorting Phase-II                             ||
[PB Info 2026-Sep-19 22:42:27] ------------------------------------------------------------------------------
[PB Info 2026-Sep-19 22:42:27] progressMeter - Percentage
[PB Info 2026-Sep-19 22:42:27] 0.0
[PB Info 2026-Sep-19 22:42:32] Sorting and Marking: 5.000 seconds
[PB Info 2026-Sep-19 22:42:32] ------------------------------------------------------------------------------
[PB Info 2026-Sep-19 22:42:32] ||        Program:                                  Sorting Phase-II        ||
[PB Info 2026-Sep-19 22:42:32] ||        Version:                                           4.7.1-1        ||
[PB Info 2026-Sep-19 22:42:32] ||        Start Time:                       Sat Sep 19 22:42:27 2026        ||
[PB Info 2026-Sep-19 22:42:32] ||        End Time:                         Sat Sep 19 22:42:32 2026        ||
[PB Info 2026-Sep-19 22:42:32] ||        Total Time:                                      5 seconds        ||
[PB Info 2026-Sep-19 22:42:32] ------------------------------------------------------------------------------
[PB Info 2026-Sep-19 22:42:32] ------------------------------------------------------------------------------
[PB Info 2026-Sep-19 22:42:32] ||                 Parabricks accelerated Genomics Pipeline                 ||
[PB Info 2026-Sep-19 22:42:32] ||                              Version 4.7.1-1                             ||
[PB Info 2026-Sep-19 22:42:32] ||                         Marking Duplicates, BQSR                         ||
[PB Info 2026-Sep-19 22:42:32] ------------------------------------------------------------------------------
[PB Info 2026-Sep-19 22:42:33] Using PBBinBamFile for BAM writing
[PB Info 2026-Sep-19 22:42:33] progressMeter -	Percentage
[PB Info 2026-Sep-19 22:42:43] 100.0
[PB Info 2026-Sep-19 22:42:43] BQSR and writing final BAM:  10.009 seconds
[PB Info 2026-Sep-19 22:42:43] ------------------------------------------------------------------------------
[PB Info 2026-Sep-19 22:42:43] ||        Program:                          Marking Duplicates, BQSR        ||
[PB Info 2026-Sep-19 22:42:43] ||        Version:                                           4.7.1-1        ||
[PB Info 2026-Sep-19 22:42:43] ||        Start Time:                       Sat Sep 19 22:42:32 2026        ||
[PB Info 2026-Sep-19 22:42:43] ||        End Time:                         Sat Sep 19 22:42:43 2026        ||
[PB Info 2026-Sep-19 22:42:43] ||        Total Time:                                     11 seconds        ||
[PB Info 2026-Sep-19 22:42:43] ------------------------------------------------------------------------------

	Command being timed: "timeout 1800 docker run --rm --gpus all --name chrna-rna-pilot-job -v /home/shadeform/chrna-rna-pilot:/workdir -w /workdir nvcr.io/nvidia/clara/clara-parabricks:4.7.1-1 pbrun rna_fq2bam --in-fq /workdir/inputs/SRR37513722_1.fastq.gz /workdir/inputs/SRR37513722_2.fastq.gz --ref /workdir/reference/GRCm39.primary_assembly.genome.fa --genome-lib-dir /workdir/reference/star272a --output-dir /workdir/output --out-bam /workdir/output/SRR37513722.bam --read-files-command zcat --num-gpus 1 --sjdb-overhang 149 --min-chim-segment 15 --min-chim-overhang 15 --out-chim-type Junctions --out-chim-format 1 --no-markdups --read-group-sm SRR37513722 --read-group-pl ILLUMINA --read-group-lb GSM9569462"
	User time (seconds): 0.00
	System time (seconds): 0.01
	Percent of CPU this job got: 0%
	Elapsed (wall clock) time (h:mm:ss or m:ss): 0:47.77
	Average shared text size (kbytes): 0
	Average unshared data size (kbytes): 0
	Average stack size (kbytes): 0
	Average total size (kbytes): 0
	Maximum resident set size (kbytes): 28736
	Average resident set size (kbytes): 0
	Major (requiring I/O) page faults: 1
	Minor (reclaiming a frame) page faults: 2879
	Voluntary context switches: 759
	Involuntary context switches: 1
	Swaps: 0
	File system inputs: 0
	File system outputs: 64
	Socket messages sent: 0
	Socket messages received: 0
	Signals delivered: 0
	Page size (bytes): 4096
	Exit status: 0
